
> vite_react_shadcn_ts@0.0.0 build
> vite build

[36mvite v5.4.21 [32mbuilding for production...[36m[39m
transforming...
[32mÔ£ô[39m 4079 modules transformed.
rendering chunks...
computing gzip size...
[2mdist/[22m[32mmanifest.webmanifest                           [39m[1m[2m    0.42 kB[22m[1m[22m
[2mdist/[22m[32mindex.html                                     [39m[1m[2m    1.35 kB[22m[1m[22m[2m Ôöé gzip:     0.55 kB[22m
[2mdist/[22m[32massets/logo-neo-missio-Eu4hUKYM.png            [39m[1m[2m    6.15 kB[22m[1m[22m
[2mdist/[22m[32massets/testimonial-carlos-BTKJ3I0G.jpg         [39m[1m[2m   26.38 kB[22m[1m[22m
[2mdist/[22m[32massets/testimonial-lucas-DsM6kXhE.jpg          [39m[1m[2m   26.74 kB[22m[1m[22m
[2mdist/[22m[32massets/testimonial-maria-npc7-Gtq.jpg          [39m[1m[2m   32.91 kB[22m[1m[22m
[2mdist/[22m[32massets/pilates-activity-DNPQ4-DT.jpg           [39m[1m[2m   60.74 kB[22m[1m[22m
[2mdist/[22m[32massets/drawing-activity-pmgwAdfE.jpg           [39m[1m[2m   73.12 kB[22m[1m[22m
[2mdist/[22m[32massets/therapy-counseling-B2CYx-4-.jpg         [39m[1m[2m   73.51 kB[22m[1m[22m
[2mdist/[22m[32massets/ballet-activity-CgtDWhCG.jpg            [39m[1m[2m   90.20 kB[22m[1m[22m
[2mdist/[22m[32massets/jiujitsu-activity-BjklE-Ui.jpg          [39m[1m[2m   98.10 kB[22m[1m[22m
[2mdist/[22m[32massets/cordas-amor-activity-BlmC7jaM.jpg       [39m[1m[2m   98.60 kB[22m[1m[22m
[2mdist/[22m[32massets/volleyball-activity-BDFcta5Z.jpg        [39m[1m[2m  111.51 kB[22m[1m[22m
[2mdist/[22m[32massets/education-activity-CbsN-EQB.jpg         [39m[1m[2m  115.13 kB[22m[1m[22m
[2mdist/[22m[32massets/english-activity-WsrjDuq0.jpg           [39m[1m[2m  117.20 kB[22m[1m[22m
[2mdist/[22m[32massets/music-activity-CzqtQbU_.jpg             [39m[1m[2m  117.23 kB[22m[1m[22m
[2mdist/[22m[32massets/men-counseling-activity-BYgUeIoF.jpg    [39m[1m[2m  131.76 kB[22m[1m[22m
[2mdist/[22m[32massets/women-counseling-activity-CGE-5ePA.jpg  [39m[1m[2m  140.83 kB[22m[1m[22m
[2mdist/[22m[32massets/hero-neo-missio-D-8ZivB9.jpg            [39m[1m[2m  164.14 kB[22m[1m[22m
[2mdist/[22m[35massets/index-C1RbV8zI.css                      [39m[1m[2m   91.22 kB[22m[1m[22m[2m Ôöé gzip:    15.22 kB[22m
[2mdist/[22m[36massets/workbox-window.prod.es5-vqzQaGvo.js     [39m[1m[2m    5.72 kB[22m[1m[22m[2m Ôöé gzip:     2.35 kB[22m
[2mdist/[22m[36massets/index-xuRW5v8E.js                       [39m[1m[33m3,684.74 kB[39m[22m[2m Ôöé gzip: 1,136.80 kB[22m
node.exe : [33m
No linha:1 caractere:1
+ & "C:\Program Files\nodejs/node.exe" "C:\Program 
Files\nodejs/node_mo ...
+ ~~~~~~~~~~~~~~~~~~~~~~~~~~~~~~~~~~~~~~~~~~~~~~~~~~~~~~~
~~~~~~~~~~~~~~
    + CategoryInfo          : NotSpecified: 
([33m:String) []    , RemoteException
    + FullyQualifiedErrorId : NativeCommandError
 
(!) Some chunks are larger than 500 kB after 
minification. Consider:
- Using dynamic import() to code-split the application
- Use build.rollupOptions.output.manualChunks to improve 
chunking: https://rollupjs.org/configuration-options/#out
put-manualchunks
- Adjust chunk size limit for this warning via 
build.chunkSizeWarningLimit.[39m
[32mÔ£ô built in 40.20s[39m
[31merror during build:
Error: 
  Configure "workbox.maximumFileSizeToCacheInBytes" to 
change the limit: the default value is 2 MiB.
  Check https://vite-pwa-org.netlify.app/guide/faq.html#m
issing-assets-from-sw-precache-manifest for more 
information.
  Assets exceeding the limit:
  - assets/index-xuRW5v8E.js is 3.69 MB, and won't be 
precached.

    at logWorkboxResult (file:///C:/Users/NeoMissio/Docum
ents/Neomissio14022026/nosso-projecto-start/node_modules/
vite-plugin-pwa/dist/chunk-G4TAN34B.js:44:13)
    at generateServiceWorker (file:///C:/Users/NeoMissio/
Documents/Neomissio14022026/nosso-projecto-start/node_mod
ules/vite-plugin-pwa/dist/index.js:209:3)
    at async _generateSW (file:///C:/Users/NeoMissio/Docu
ments/Neomissio14022026/nosso-projecto-start/node_modules
/vite-plugin-pwa/dist/index.js:234:5)
    at async Object.handler (file:///C:/Users/NeoMissio/D
ocuments/Neomissio14022026/nosso-projecto-start/node_modu
les/vite-plugin-pwa/dist/index.js:427:13)
    at async PluginDriver.hookParallel (file:///C:/Users/
NeoMissio/Documents/Neomissio14022026/nosso-projecto-star
t/node_modules/rollup/dist/es/shared/node-entry.js:22452:
17)
    at async Object.close (file:///C:/Users/NeoMissio/Doc
uments/Neomissio14022026/nosso-projecto-start/node_module
s/rollup/dist/es/shared/node-entry.js:23471:13)
    at async build (file:///C:/Users/NeoMissio/Documents/
Neomissio14022026/nosso-projecto-start/node_modules/vite/
dist/node/chunks/dep-BK3b2jBa.js:65732:17)
    at async CAC.<anonymous> (file:///C:/Users/NeoMissio/
Documents/Neomissio14022026/nosso-projecto-start/node_mod
ules/vite/dist/node/cli.js:829:5)[39m
